// Jest Snapshot v1, https://goo.gl/fbAQLP

exports[`Calculator renders correctly 1`] = `
<DocumentFragment>
  <div
    class="main"
  >
    <div>
      <div
        class="navbar"
      >
        <div
          class="logo"
        >
          <h1>
            Math Magician
          </h1>
        </div>
        <div
          class="nav"
        >
          <ul>
            <a
              aria-current="page"
              class="active"
              href="/"
            >
              <li>
                Home
              </li>
            </a>
            <a
              class=""
              href="/calculator"
            >
              <li>
                Calculator
              </li>
            </a>
            <a
              class=""
              href="/quotes"
            >
              <li>
                Quotes
              </li>
            </a>
          </ul>
        </div>
      </div>
    </div>
    <div
      class="calc-container"
    >
      <h3>
        lets do some maths!
      </h3>
      <div
        class="calculator"
      >
        <div
          class="screen"
        >
          0
        </div>
        <div
          class="input-container"
        >
          <div>
            <button
              class="inputs"
              type="button"
            >
              AC
            </button>
          </div>
          <div>
            <button
              class="inputs"
              type="button"
            >
              +/-
            </button>
          </div>
          <div>
            <button
              class="inputs"
              type="button"
            >
              %
            </button>
          </div>
          <div>
            <button
              class="inputs-right"
              type="button"
            >
              /
            </button>
          </div>
          <div>
            <button
              class="inputs"
              type="button"
            >
              7
            </button>
          </div>
          <div>
            <button
              class="inputs"
              type="button"
            >
              8
            </button>
          </div>
          <div>
            <button
              class="inputs"
              type="button"
            >
              9
            </button>
          </div>
          <div>
            <button
              class="inputs-right"
              type="button"
            >
              x
            </button>
          </div>
          <div>
            <button
              class="inputs"
              type="button"
            >
              4
            </button>
          </div>
          <div>
            <button
              class="inputs"
              type="button"
            >
              5
            </button>
          </div>
          <div>
            <button
              class="inputs"
              type="button"
            >
              6
            </button>
          </div>
          <div>
            <button
              class="inputs-right"
              type="button"
            >
              -
            </button>
          </div>
          <div>
            <button
              class="inputs"
              type="button"
            >
              1
            </button>
          </div>
          <div>
            <button
              class="inputs"
              type="button"
            >
              2
            </button>
          </div>
          <div>
            <button
              class="inputs"
              type="button"
            >
              3
            </button>
          </div>
          <div>
            <button
              class="inputs-right"
              type="button"
            >
              +
            </button>
          </div>
          <div>
            <button
              class="zero-input"
              type="button"
            >
              0
            </button>
          </div>
          <div>
            <button
              class="dot-inputs"
              type="button"
            >
              .
            </button>
          </div>
          <div>
            <button
              class="equal-inputs"
              type="button"
            >
              =
            </button>
          </div>
        </div>
      </div>
    </div>
  </div>
</DocumentFragment>
`;
